## End-to-End Test Results

### Pipeline Status: SUCCESS
- Gemini audio analysis: PASSED (31 seconds, detected 4:54 duration)
- Claude 4.5 critique: PASSED (wrote full review with scores)
- Review saved to DB: PASSED (after MEDIUMTEXT fix)
- Review displayed in UI: PASSED

### Review Content Preview:
Quick Take highlights:
1. Strong Melodic Core - vocal hooks memorable and emotionally resonant
2. Solid Production Fundamentals - mix clean, balanced, dynamic processing well-handled
3. Effective Energy Management - builds and releases tension expertly
4. Structural Predictability - arrangement leans too heavily on repetition
5. Vocal Performance is Key - lead vocalist carries melancholic yet hopeful mood

### Issues Found:
1. Quick Take box shows raw markdown (** not rendered) - needs Streamdown rendering
2. Scores table appears to be cut off / not rendering as a proper table
3. Review content appears to repeat 3 times below the quick take section
4. Need to scroll down to see scores and full review sections
